// Jest Snapshot v1, https://goo.gl/fbAQLP

exports[`Pruebas en <GifItem /> debe hacer match con el snapshot 1`] = `
<div>
  <div
    class="card"
  >
    <img
      alt="Image title"
      src="https://title.com/imahe.jpg"
    />
    <p>
      Image title
    </p>
  </div>
</div>
`;
